# rbfill.c 原始输出
# 树莓派 5 / Debian 13 (trixie) / 内核 6.18.34+rpt-rpi-2712 / 2026-09-06
# gcc -O2 -Wall -Wextra -std=gnu11（0 告警）


################################################################
# 0. 前提实验：sudo dmesg -C 到底清空了什么？
################################################################

              首条 seq   /dev/kmsg 条数   dmesg 条数
清除前          1235          619             1
sudo dmesg -C   ↓  (返回码 0)
清除后(立刻)    1235          619             0
清除后(2 秒后)  1235          619             0

结论：dmesg -C 只把 syslog 游标 syslog_seq 推到 log_next_seq，
      环形缓冲区里的记录一条没删、seq 没动、空间没腾。
      想看真实内容必须读 /dev/kmsg。


################################################################
# 1. 阶段一：sudo ./rbfill 300 25 200 RBFLLA
#    （基线缓冲区 100% 是上一轮 RBTEST 的 585 条，已满载）
################################################################

缓冲容量    : 131072 字节 (128 KiB)   ← klogctl(SYSLOG_ACTION_SIZE_BUFFER)
写入方式    : 写 /dev/kmsg（C 程序直接 write）
统计口径    : 读 /dev/kmsg（= 缓冲区真实内容，不受 syslog 游标影响）
本轮标签    : RBFLLA
每条载荷    : 200 字节
单条文本    : 213 字节 = strlen("RBFLLA ") + 5 位序号 + 空格 + 200

=== 基线：记录数=585  首条=[RBTEST 00116 xxxxx...]

已写入 记录总数 RBFLLA数  最老RBFLLA 首条记录(最老)
----------------------------------------------------------------------------
25       585        25         00001 xxxxx...  RBTEST 00141 xxxxx...
50       585        50         00001 xxxxx...  RBTEST 00166 xxxxx...
75       585        75         00001 xxxxx...  RBTEST 00191 xxxxx...
100      585       100         00001 xxxxx...  RBTEST 00216 xxxxx...
125      585       125         00001 xxxxx...  RBTEST 00241 xxxxx...
150      585       150         00001 xxxxx...  RBTEST 00266 xxxxx...
175      585       175         00001 xxxxx...  RBTEST 00291 xxxxx...
200      585       200         00001 xxxxx...  RBTEST 00316 xxxxx...
225      585       225         00001 xxxxx...  RBTEST 00341 xxxxx...
250      585       250         00001 xxxxx...  RBTEST 00366 xxxxx...
275      585       275         00001 xxxxx...  RBTEST 00391 xxxxx...
300      585       300         00001 xxxxx...  RBTEST 00416 xxxxx...

=== 最终结果 ===
  缓冲区记录总数      : 585
  带标签的存活条数    : 300
  其它记录（非本轮）  : 285
  记录正文总字节      : 125190
  峰值记录数          : 585
  覆盖起始于第        : 25 条写入时（最老记录 seq 开始前进）
  本轮共挤掉旧记录    : 300 条
  基线首条还在吗      : 不在（已被覆盖）
  最早存活的 RBFLLA   : RBFLLA 00001 xxxxx...
  最新记录            : RBFLLA 00300 xxxxx...

# 观察：记录总数 585 从头到尾没变（缓冲区本来就满），
#       但「首条记录」的编号从 RBTEST 00116 一路走到 00416 ——
#       每写 1 条就挤掉 1 条，边界在缓冲区里向前推进。


################################################################
# 2. 阶段二：sudo ./rbfill 700 50 200 RBFLLB
################################################################

本轮标签    : RBFLLB
单条文本    : 213 字节

=== 基线：记录数=585  首条=[RBTEST 00416 xxxxx...]

已写入 记录总数 RBFLLB数  最老RBFLLB 首条记录(最老)
----------------------------------------------------------------------------
50       585        50         00001 xxxxx...  RBTEST 00466 xxxxx...
100      585       100         00001 xxxxx...  RBTEST 00516 xxxxx...
150      585       150         00001 xxxxx...  RBTEST 00566 xxxxx...
200      585       200         00001 xxxxx...  RBTEST 00616 xxxxx...
250      585       250         00001 xxxxx...  RBTEST 00666 xxxxx...
300      585       300         00001 xxxxx...  RBFLLA 00016 xxxxx...   ← 边界穿过标签分界
350      585       350         00001 xxxxx...  RBFLLA 00066 xxxxx...
400      585       400         00001 xxxxx...  RBFLLA 00116 xxxxx...
450      585       450         00001 xxxxx...  RBFLLA 00166 xxxxx...
500      585       500         00001 xxxxx...  RBFLLA 00216 xxxxx...
550      585       550         00001 xxxxx...  RBFLLA 00266 xxxxx...
600      585       585         00016 xxxxx...  RBFLLB 00016 xxxxx...   ← 本轮自己的开始被挤
650      585       585         00066 xxxxx...  RBFLLB 00066 xxxxx...
700      585       585         00116 xxxxx...  RBFLLB 00116 xxxxx...

=== 最终结果 ===
  缓冲区记录总数      : 585
  带标签的存活条数    : 585
  其它记录（非本轮）  : 0            ← 缓冲区已被本轮消息刷满
  记录正文总字节      : 125190
  覆盖起始于第        : 50 条写入时
  本轮共挤掉旧记录    : 700 条
  最早存活的 RBFLLB   : RBFLLB 00116
  最新记录            : RBFLLB 00700


################################################################
# 3. 决定性一轮：sudo ./rbfill 700 50 200 RBPURE
################################################################

缓冲容量    : 131072 字节 (128 KiB)   ← klogctl(SYSLOG_ACTION_SIZE_BUFFER)
写入方式    : 写 /dev/kmsg（C 程序直接 write）
统计口径    : 读 /dev/kmsg（= 缓冲区真实内容，不受 syslog 游标影响）
本轮标签    : RBPURE
每条载荷    : 200 字节
单条文本    : 213 字节 = strlen("RBPURE ") + 5 位序号 + 空格 + 200

=== 基线：记录数=585  首条=[RBFLLB 00116 xxxxx...]

已写入 记录总数 RBPURE数  最老RBPURE 首条记录(最老)
----------------------------------------------------------------------------
50       585        50         00001 xxxxx...  RBFLLB 00166 xxxxx...   ★覆盖开始
100      585       100         00001 xxxxx...  RBFLLB 00216 xxxxx...
150      585       150         00001 xxxxx...  RBFLLB 00266 xxxxx...
200      585       200         00001 xxxxx...  RBFLLB 00316 xxxxx...
250      585       250         00001 xxxxx...  RBFLLB 00366 xxxxx...
300      585       300         00001 xxxxx...  RBFLLB 00416 xxxxx...
350      585       350         00001 xxxxx...  RBFLLB 00466 xxxxx...
400      585       400         00001 xxxxx...  RBFLLB 00516 xxxxx...
450      585       450         00001 xxxxx...  RBFLLB 00566 xxxxx...
500      585       500         00001 xxxxx...  RBFLLB 00616 xxxxx...
550      585       550         00001 xxxxx...  RBFLLB 00666 xxxxx...
600      585       585         00016 xxxxx...  RBPURE 00016 xxxxx...
650      585       585         00066 xxxxx...  RBPURE 00066 xxxxx...
700      585       585         00116 xxxxx...  RBPURE 00116 xxxxx...

=== 最终结果 ===
  缓冲区记录总数      : 585
  带标签的存活条数    : 585
  其它记录（非本轮）  : 0
  记录正文总字节      : 125190
  峰值记录数          : 585
  覆盖起始于第        : 50 条写入时（最老记录 seq 开始前进）
  本轮共挤掉旧记录    : 700 条（seq 2969 → 3669）
  基线首条还在吗      : 不在（已被覆盖）
  最早存活的 RBPURE   : RBPURE 00116 xxxxx...
  最新记录            : RBPURE 00700 xxxxx...

=== 账目核对 ===
  缓冲区此刻 100% 是本轮消息 → 可直接读出纯容量
  稳态记录数          : 585 条
  单条文本(含换行)    : 214 字节 = strlen("RBPURE ")+5 位序号+1 空格+200 载荷+1 换行
  585 × 214           : 125190 字节 ≈ 122.3 KiB
  缓冲区标称          : 131072 字节 = 128 KiB
  差额（描述符+对齐）  : 5882 字节（4.5%）
  → 纯文本能用的约 95.5%，其余是每条记录的描述符与对齐开销

提示:
  · 想让 dmesg 不再显示这些测试消息，用 sudo dmesg -C（只挪游标，不擦记录）
  · journald 已同步抄走全部记录：journalctl -k | grep -c RBPURE
  · 缓冲区里的记录只能被新消息挤掉，用户态无法真正擦除


################################################################
# 4. 收尾核对
################################################################

$ sudo dmesg -C
$ dmesg | wc -l
0                      ← dmesg 空了（游标被推到末尾）

$ sudo timeout 5 cat /dev/kmsg | wc -l
585                    ← 缓冲区里其实一条没少

$ journalctl -k --no-pager | grep -c RBFLLA
300
$ journalctl -k --no-pager | grep -c RBFLLB
700
$ journalctl -k --no-pager | grep -c RBPURE
700
$ journalctl -k --no-pager | grep -c RBTEST
700
# 四轮共 2400 条测试消息，journald 一条不少 —— 清 dmesg 不会丢数据


################################################################
# 5. 账目说明
################################################################

单条文本长度  : "RBPURE " 7 B + "00116" 5 B + " " 1 B + 200 B + "\n" 1 B = 214 B
585 × 214    : 125190 B ≈ 122.3 KiB
缓冲区容量    : 131072 B = 128 KiB
开销          : 5882 B = 4.5%（每条摊 5882/585 ≈ 10.1 B，描述符 + 对齐）

对比 shell 版（已删除的 rbfill.sh）当时测得的 584 条：
  那是用 `dmesg | wc -l` 数的，dmesg 输出最后一行没有换行符 → 少算 1 条。
  用 /dev/kmsg 按记录数统计才是准的：585。

容量换算（按 585 条 / 214 B 反推）：
  单条 50 B  → 约 2400 条
  单条 214 B → 585 条（实测）
  单条 1 KiB → 约 125 条
